// Jest Snapshot v1, https://goo.gl/fbAQLP

exports[`EndDateCard should render and match snapshot 1`] = `
<div
  class="rounded-lg card compact bg-base-100"
>
  <div
    class="relative justify-center card-body"
  >
    <div
      class="absolute badge badge-success badge-outline top-5 right-5"
    >
      In Progress
    </div>
    <div
      class="flex items-center"
    >
      <div
        class="flex-shrink-0"
      >
        <svg
          aria-hidden="true"
          class="w-6 h-6 text-gray-400"
          fill="none"
          stroke="currentColor"
          stroke-width="2"
          viewBox="0 0 24 24"
          xmlns="http://www.w3.org/2000/svg"
        >
          <path
            d="M8 7V3m8 4V3m-9 8h10M5 21h14a2 2 0 002-2V7a2 2 0 00-2-2H5a2 2 0 00-2 2v12a2 2 0 002 2z"
            stroke-linecap="round"
            stroke-linejoin="round"
          />
        </svg>
      </div>
      <div
        class="flex-1 w-0 ml-5"
      >
        <dl>
          <dt
            class="text-sm font-medium truncate"
          >
            End Date
          </dt>
          <dd>
            <div
              class="font-medium "
            >
              null
            </div>
          </dd>
        </dl>
      </div>
    </div>
  </div>
</div>
`;
