// Jest Snapshot v1, https://goo.gl/fbAQLP

exports[`Countdown should render and match snapshot 1`] = `
<div
  class="rounded-lg card card-compact bg-base-100"
>
  <div
    class="items-center justify-center card-body"
  >
    <h3
      class="text-lg font-medium "
    >
      <span
        class="text-warning"
      >
        No time
      </span>
      <span
        class="text-sm"
      >
        Â remaining
      </span>
    </h3>
  </div>
</div>
`;
