// Jest Snapshot v1, https://goo.gl/fbAQLP

exports[`Modal should render and match snapshot 1`] = `
<div>
  Transition 
</div>
`;
