// Jest Snapshot v1, https://goo.gl/fbAQLP

exports[`NameCard should render and match snapshot 1`] = `
<div
  class="rounded-lg card compact bg-base-100"
>
  <div
    class="justify-center card-body"
  >
    <div
      class="flex items-center"
    >
      <div
        class="flex-shrink-0"
      >
        <svg
          aria-hidden="true"
          class="w-6 h-6 text-gray-400"
          fill="none"
          stroke="currentColor"
          stroke-width="2"
          viewBox="0 0 24 24"
          xmlns="http://www.w3.org/2000/svg"
        >
          <path
            d="M3 6l3 1m0 0l-3 9a5.002 5.002 0 006.001 0M6 7l3 9M6 7l6-2m6 2l3-1m-3 1l-3 9a5.002 5.002 0 006.001 0M18 7l3 9m-3-9l-6-2m0-2v2m0 16V5m0 16H9m3 0h3"
            stroke-linecap="round"
            stroke-linejoin="round"
          />
        </svg>
      </div>
      <div
        class="flex-1 w-0 ml-5"
      >
        <dl>
          <dt
            class="text-sm font-medium truncate"
          >
            Auction
          </dt>
          <dd>
            <div
              class="font-medium"
            >
              test
            </div>
          </dd>
        </dl>
      </div>
    </div>
  </div>
</div>
`;
